/GIT Local Repository/git Learning (master)
$ git clone https://github.com/pashogus/git-bash-learn.git
Cloning into 'git-bash-learn'...
remote: Enumerating objects: 15, done.
remote: Counting objects: 100% (15/15), done.
remote: Compressing objects: 100% (10/10), done.
remote: Total 15 (delta 2), reused 11 (delta 1), pack-reused 0
Receiving objects: 100% (15/15), 5.15 KiB | 2.57 MiB/s, done.
Resolving deltas: 100% (2/2), done.

/GIT Local Repository/git Learning (master)
$ git branch -a
* master
  newbranch1

/GIT Local Repository/git Learning (master)
$ git branch -r

/GIT Local Repository/git Learning (master)
$ ls
git-bash-learn/

/GIT Local Repository/git Learning (master)
$ cd git-bash-learn/

/GIT Local Repository/git Learning/git-bash-learn (master)
$ git branch -a
* master
  remotes/origin/HEAD -> origin/master
  remotes/origin/master

/GIT Local Repository/git Learning/git-bash-learn (master)
$ git status
On branch master
Your branch is up to date with 'origin/master'.

Untracked files:
  (use "git add <file>..." to include in what will be committed)
        05_MergeToolInstall.pdf
        diffChecker.txt
        git-cheat-sheet-education.pdf
        test1/

nothing added to commit but untracked files present (use "git add" to track)

/GIT Local Repository/git Learning/git-bash-learn (master)
$ git add _A
fatal: pathspec '_A' did not match any files

/GIT Local Repository/git Learning/git-bash-learn (master)
$ git add -A
warning: LF will be replaced by CRLF in diffChecker.txt.
The file will have its original line endings in your working directory
warning: LF will be replaced by CRLF in test1/new.txt.
The file will have its original line endings in your working directory
warning: LF will be replaced by CRLF in test1/renamed.txt.
The file will have its original line endings in your working directory
warning: LF will be replaced by CRLF in test1/renamed1.txt.
The file will have its original line endings in your working directory
warning: LF will be replaced by CRLF in test1/renamedgit.txt.
The file will have its original line endings in your working directory
warning: LF will be replaced by CRLF in test1/test1ng.txt.
The file will have its original line endings in your working directory

/GIT Local Repository/git Learning/git-bash-learn (master)
$ git status
On branch master
Your branch is up to date with 'origin/master'.

Changes to be committed:
  (use "git restore --staged <file>..." to unstage)
        new file:   05_MergeToolInstall.pdf
        new file:   diffChecker.txt
        new file:   git-cheat-sheet-education.pdf
        new file:   test1/new.txt
        new file:   test1/renamed.txt
        new file:   test1/renamed1.txt
        new file:   test1/renamedgit.txt
        new file:   test1/test1ng.txt


/GIT Local Repository/git Learning/git-bash-learn (master)
$ git commit -m 'initial Commit'
[master 3386844] initial Commit
 8 files changed, 44 insertions(+)
 create mode 100644 05_MergeToolInstall.pdf
 create mode 100644 diffChecker.txt
 create mode 100644 git-cheat-sheet-education.pdf
 create mode 100644 test1/new.txt
 create mode 100644 test1/renamed.txt
 create mode 100644 test1/renamed1.txt
 create mode 100644 test1/renamedgit.txt
 create mode 100644 test1/test1ng.txt

/GIT Local Repository/git Learning/git-bash-learn (master)
$ git status
On branch master
Your branch is ahead of 'origin/master' by 1 commit.
  (use "git push" to publish your local commits)

nothing to commit, working tree clean

/GIT Local Repository/git Learning/git-bash-learn (master)
$ git push
Enumerating objects: 12, done.
Counting objects: 100% (12/12), done.
Delta compression using up to 8 threads
Compressing objects: 100% (6/6), done.
Writing objects: 100% (11/11), 116.40 KiB | 14.55 MiB/s, done.
Total 11 (delta 0), reused 0 (delta 0), pack-reused 0
To https://github.com/pashogus/git-bash-learn.git
   58cb231..3386844  master -> master

/GIT Local Repository/git Learning/git-bash-learn (master)
$ git branch -a
* master
  remotes/origin/HEAD -> origin/master
  remotes/origin/master

/GIT Local Repository/git Learning/git-bash-learn (master)
$ git checkout -b newbranch
Switched to a new branch 'newbranch'

/GIT Local Repository/git Learning/git-bash-learn (newbranch)
$ git branch -a
  master
* newbranch
  remotes/origin/HEAD -> origin/master
  remotes/origin/master

/GIT Local Repository/git Learning/git-bash-learn (newbranch)
$ ls
 05_MergeToolInstall.pdf  'Creating local repo with exisitng project.txt'   README.md   commands.txt   diffChecker.txt   git-cheat-sheet-education.pdf   start.txt   test1/   test2/

/GIT Local Repository/git Learning/git-bash-learn (newbranch)
$ cd test1

/GIT Local Repository/git Learning/git-bash-learn/test1 (newbranch)
$ ls -lrt
total 5
-rw-r--r-- 1 540091 1049089 30 Jul 15 15:38 new.txt
-rw-r--r-- 1 540091 1049089 28 Jul 15 15:41 renamed.txt
-rw-r--r-- 1 540091 1049089 23 Jul 15 15:44 renamed1.txt
-rw-r--r-- 1 540091 1049089 69 Jul 15 16:08 renamedgit.txt
-rw-r--r-- 1 540091 1049089 41 Jul 15 23:32 test1ng.txt

/GIT Local Repository/git Learning/git-bash-learn/test1 (newbranch)
$ vi branchTesting.txt

/GIT Local Repository/git Learning/git-bash-learn/test1 (newbranch)
$ git status
On branch newbranch
Untracked files:
  (use "git add <file>..." to include in what will be committed)
        branchTesting.txt

nothing added to commit but untracked files present (use "git add" to track)
gi
/GIT Local Repository/git Learning/git-bash-learn/test1 (newbranch)
$ git commit -am 'crearted new file fort Branch testing'
On branch newbranch
Untracked files:
  (use "git add <file>..." to include in what will be committed)
        branchTesting.txt

nothing added to commit but untracked files present (use "git add" to track)

/GIT Local Repository/git Learning/git-bash-learn/test1 (newbranch)
$ git add .
warning: LF will be replaced by CRLF in test1/branchTesting.txt.
The file will have its original line endings in your working directory

/GIT Local Repository/git Learning/git-bash-learn/test1 (newbranch)
$ git commit -am 'crearted new file branchTesting.txt for Branch testing'
[newbranch 78aa574] crearted new file branchTesting.txt for Branch testing
 1 file changed, 2 insertions(+)
 create mode 100644 test1/branchTesting.txt

/GIT Local Repository/git Learning/git-bash-learn/test1 (newbranch)
$ git status
On branch newbranch
nothing to commit, working tree clean

/GIT Local Repository/git Learning/git-bash-learn/test1 (newbranch)
$ git push
fatal: The current branch newbranch has no upstream branch.
To push the current branch and set the remote as upstream, use

    git push --set-upstream origin newbranch


/GIT Local Repository/git Learning/git-bash-learn/test1 (newbranch)
$ git push -u origin newbranch
Enumerating objects: 6, done.
Counting objects: 100% (6/6), done.
Delta compression using up to 8 threads
Compressing objects: 100% (3/3), done.
Writing objects: 100% (4/4), 417 bytes | 417.00 KiB/s, done.
Total 4 (delta 2), reused 0 (delta 0), pack-reused 0
remote: Resolving deltas: 100% (2/2), completed with 2 local objects.
remote:
remote: Create a pull request for 'newbranch' on GitHub by visiting:
remote:      https://github.com/pashogus/git-bash-learn/pull/new/newbranch
remote:
To https://github.com/pashogus/git-bash-learn.git
 * [new branch]      newbranch -> newbranch
Branch 'newbranch' set up to track remote branch 'newbranch' from 'origin'.

/GIT Local Repository/git Learning/git-bash-learn/test1 (newbranch)
$ git branch -a
  master
* newbranch
  remotes/origin/HEAD -> origin/master
  remotes/origin/master
  remotes/origin/newbranch

/GIT Local Repository/git Learning/git-bash-learn/test1 (newbranch)
$ git pull
Already up to date.

/GIT Local Repository/git Learning/git-bash-learn/test1 (newbranch)
$ git log --all --decorate --oneline --graph
* 78aa574 (HEAD -> newbranch, origin/newbranch) crearted new file branchTesting.txt for Branch testing
* 3386844 (origin/master, origin/HEAD, master) initial Commit
* 58cb231 With Some Changes
* 5966a4b how to create a new git repository by init how to make a existing project folder as git local repository adding git to existing project
* 66754cf Commands used for understanding three stages of Git, Config setup, Status
* 415bd58 initila commit
* 24756b2 Initial commit

/GIT Local Repository/git Learning/git-bash-learn/test1 (newbranch)
$
